// Jest Snapshot v1, https://goo.gl/fbAQLP

exports[`Logo component should render correctly 1`] = `
<div
  className="jss1"
  data-testid="logo"
  onClick={[Function]}
  onKeyDown={[Function]}
  role="presentation"
>
  <div
    className="jss2 css-vhfwug-Stack-root"
  >
    <div
      style={
        Object {
          "boxSizing": "border-box",
          "display": "inline-block",
          "margin": 0,
          "maxWidth": "100%",
          "overflow": "hidden",
          "position": "relative",
        }
      }
    >
      <div
        style={
          Object {
            "boxSizing": "border-box",
            "display": "block",
            "maxWidth": "100%",
          }
        }
      >
        <img
          alt=""
          aria-hidden={true}
          src="data:image/svg+xml;base64,PHN2ZyB3aWR0aD0iMzIiIGhlaWdodD0iMzIiIHhtbG5zPSJodHRwOi8vd3d3LnczLm9yZy8yMDAwL3N2ZyIgdmVyc2lvbj0iMS4xIi8+"
          style={
            Object {
              "border": "none",
              "display": "block",
              "margin": 0,
              "maxWidth": "100%",
              "padding": 0,
            }
          }
        />
      </div>
      <noscript>
        <img
          alt="musings-logo"
          className="image jss4 jss3"
          data-nimg={true}
          decoding="async"
          src="/_next/image?url=https%3A%2F%2Fstatic.almondhydroponics.com%2Fstatic%2Fmusings%2Flogo.png&w=64&q=75"
          srcSet="/_next/image?url=https%3A%2F%2Fstatic.almondhydroponics.com%2Fstatic%2Fmusings%2Flogo.png&w=32&q=75 1x, /_next/image?url=https%3A%2F%2Fstatic.almondhydroponics.com%2Fstatic%2Fmusings%2Flogo.png&w=64&q=75 2x"
          style={
            Object {
              "border": "none",
              "bottom": 0,
              "boxSizing": "border-box",
              "display": "block",
              "height": 0,
              "left": 0,
              "margin": "auto",
              "maxHeight": "100%",
              "maxWidth": "100%",
              "minHeight": "100%",
              "minWidth": "100%",
              "objectFit": undefined,
              "objectPosition": undefined,
              "padding": 0,
              "position": "absolute",
              "right": 0,
              "top": 0,
              "width": 0,
            }
          }
        />
      </noscript>
      <img
        alt="musings-logo"
        className="image jss4 jss3"
        data-nimg={true}
        decoding="async"
        src="data:image/gif;base64,R0lGODlhAQABAIAAAAAAAP///yH5BAEAAAAALAAAAAABAAEAAAIBRAA7"
        style={
          Object {
            "border": "none",
            "bottom": 0,
            "boxSizing": "border-box",
            "display": "block",
            "height": 0,
            "left": 0,
            "margin": "auto",
            "maxHeight": "100%",
            "maxWidth": "100%",
            "minHeight": "100%",
            "minWidth": "100%",
            "objectFit": undefined,
            "objectPosition": undefined,
            "padding": 0,
            "position": "absolute",
            "right": 0,
            "top": 0,
            "width": 0,
          }
        }
      />
    </div>
  </div>
</div>
`;
